C51 COMPILER V9.01   AD                                                                    11/20/2020 10:53:23 PAGE 1   


C51 COMPILER V9.01, COMPILATION OF MODULE AD
OBJECT MODULE PLACED IN Ad.obj
COMPILER INVOKED BY: D:\Program Files\keil\C51\BIN\C51.EXE src\Ad.c BROWSE DEBUG OBJECTEXTEND PRINT(.\Ad.lst) OBJECT(Ad.
                    -obj)

line level    source

   1          #include "weigh.h"
   2          #include "Ad.h"
   3          #define gapValue 4000
   4          
   5          sbit DOUT = P1 ^ 2;
   6          sbit PD_CLK = P1 ^ 3;
   7          unsigned long Offset = 0;
   8          float Weight = 0;
   9          float WeightTemp = 0.0;
  10          
  11          unsigned long Hx711(void)
  12          {
  13   1          unsigned long Count;
  14   1          unsigned char i;
  15   1          PD_CLK = 0;
  16   1          Count = 0;
  17   1          while (DOUT)
  18   1              ;
  19   1          for (i = 0; i < 24; i++)
  20   1          {
  21   2              PD_CLK = 1;
  22   2              Count = Count << 1;
  23   2              PD_CLK = 0;
  24   2              if (DOUT)
  25   2                  Count++;
  26   2          }
  27   1          PD_CLK = 1;
  28   1          Count = Count ^ 0x800000;
  29   1          PD_CLK = 0;
  30   1          return (Count);
  31   1      }


MODULE INFORMATION:   STATIC OVERLAYABLE
   CODE SIZE        =     53    ----
   CONSTANT SIZE    =   ----    ----
   XDATA SIZE       =   ----    ----
   PDATA SIZE       =   ----    ----
   DATA SIZE        =     12    ----
   IDATA SIZE       =   ----    ----
   BIT SIZE         =   ----    ----
END OF MODULE INFORMATION.


C51 COMPILATION COMPLETE.  0 WARNING(S),  0 ERROR(S)
