C51 COMPILER V9.01   AD                                                                    11/14/2020 16:53:21 PAGE 1   


C51 COMPILER V9.01, COMPILATION OF MODULE AD
OBJECT MODULE PLACED IN Ad.obj
COMPILER INVOKED BY: D:\Program Files\keil\C51\BIN\C51.EXE src\Ad.c BROWSE DEBUG OBJECTEXTEND PRINT(.\Ad.lst) OBJECT(Ad.
                    -obj)

line level    source

   1          #include "weigh.h"
   2          #include "Ad.h"
   3          #define StandardValue 1600000 // 质量基准值
   4          
   5          sbit DOUT = P1 ^ 0;       // 串行输入数据端
   6          sbit PD_CLK = P1 ^ 1;     // 时钟信号端
   7          unsigned long Offset = 0; // 零点偏移
   8          float Weight = 0;         // 质量
   9          float WeightTemp = 0.0;   // 质量中间变量
  10          
  11          /********************************************************************
  12          函数名称: unsigned long AD_Hx711(void)
  13          功能简介: AD采集
  14          入口参数: 无
  15          返回值  ：模拟电压经过AD转化后的数字量
  16          *********************************************************************/
  17          unsigned long Hx711(void)
  18          {
  19   1          unsigned long AD_Value = 0;
  20   1          unsigned char i = 0;
  21   1          PD_CLK = 0;
  22   1          while (DOUT)
  23   1              ;
  24   1          for (i = 0; i < 24; i++)
  25   1          {
  26   2              PD_CLK = 1;
  27   2              Nop(3);
  28   2              AD_Value = AD_Value << 1;
  29   2              PD_CLK = 0;
  30   2              if (DOUT)
  31   2              {
  32   3                  AD_Value++;
  33   3              }
  34   2          }
  35   1          PD_CLK = 1;
  36   1          AD_Value = AD_Value ^ 0x800000; // 输出补码
  37   1          PD_CLK = 0;
  38   1          Nop(3);
  39   1          return AD_Value;
  40   1      }
  41          
  42          /********************************************************************
  43          函数名称: void AD_Offset(unsigned char i)           
  44          功能简介: AD采集零点偏移平均值，也可当去皮使用
  45          入口参数: 采集次数
  46          返回值  ：无
  47          *********************************************************************/
  48          void getOffset(unsigned char i)
  49          {
  50   1          unsigned long AD_Sum = 0;
  51   1          while (i > 0)
  52   1          {
  53   2              AD_Sum = AD_Sum + Hx711();
  54   2              i--;
C51 COMPILER V9.01   AD                                                                    11/14/2020 16:53:21 PAGE 2   

  55   2          }
  56   1      
  57   1          Offset = (unsigned long)(AD_Sum / 5);
  58   1      }
  59          
  60          /********************************************************************
  61          函数名称: unsigned float getWeight(void)
  62          功能简介: AD值转换为以g为单位的质量
  63          入口参数: UINT_32 ADvalue
  64          返回值  ：转化后以g为量纲的质量值
  65          *********************************************************************/
  66          float getWeight(void)
  67          {
  68   1          unsigned long Dvalue = Hx711() - Offset; // 值会小于0
  69   1          if (Dvalue < 0)
  70   1          {
  71   2              Dvalue = 0;
  72   2          }
  73   1          return (float)Dvalue / StandardValue * 4000;
  74   1      }


MODULE INFORMATION:   STATIC OVERLAYABLE
   CODE SIZE        =    271    ----
   CONSTANT SIZE    =   ----    ----
   XDATA SIZE       =   ----    ----
   PDATA SIZE       =   ----    ----
   DATA SIZE        =     12      14
   IDATA SIZE       =   ----    ----
   BIT SIZE         =   ----    ----
END OF MODULE INFORMATION.


C51 COMPILATION COMPLETE.  0 WARNING(S),  0 ERROR(S)
