C51 COMPILER V9.01   AD                                                                    11/14/2020 01:32:12 PAGE 1   


C51 COMPILER V9.01, COMPILATION OF MODULE AD
OBJECT MODULE PLACED IN Ad.obj
COMPILER INVOKED BY: D:\Program Files\keil\C51\BIN\C51.EXE src\Ad.c BROWSE DEBUG OBJECTEXTEND PRINT(.\Ad.lst) OBJECT(Ad.
                    -obj)

line level    source

   1          #include "weigh.h"
   2          #include "Ad.h"
   3          #define StandardValue 1600000 // 质量基准值
   4          
   5          sbit DOUT = P2 ^ 6;      // 串行输入数据端
   6          sbit PD_CLK = P2 ^ 7;    // 时钟信号端
   7          unsigned long Offset = 0; // 零点偏移
   8          float Weight = 0;        // 质量
   9          float WeightTemp = 0.0;  // 质量中间变量
  10          
  11          /********************************************************************
  12          函数名称: unsigned long AD_Hx711(void)
  13          功能简介: AD采集
  14          入口参数: 无
  15          返回值  ：模拟电压经过AD转化后的数字量
  16          *********************************************************************/
  17          unsigned long Hx711(void)
  18          {
  19   1          unsigned long AD_Value = 0;
  20   1          unsigned char i = 0;
  21   1          PD_CLK = 0;
  22   1          while (DOUT);
  23   1          for (i = 0; i < 24; i++)
  24   1          {
  25   2              PD_CLK = 1;
  26   2              Nop(3);
  27   2              AD_Value = AD_Value << 1;
  28   2              PD_CLK = 0;
  29   2              if (DOUT)
  30   2              {
  31   3                  AD_Value++;
  32   3              }
  33   2          }
  34   1          PD_CLK = 1;
  35   1          AD_Value = AD_Value ^ 0x800000; // 输出补码
  36   1          PD_CLK = 0;
  37   1          Nop(3);
  38   1          return AD_Value;
  39   1      }
  40          
  41          /********************************************************************
  42          函数名称: void AD_Offset(unsigned char i)           
  43          功能简介: AD采集零点偏移平均值，也可当去皮使用
  44          入口参数: 采集次数
  45          返回值  ：无
  46          *********************************************************************/
  47          void getOffset(unsigned char i)
  48          {
  49   1          unsigned long AD_Sum = 0;
  50   1          while (i > 0)
  51   1          {
  52   2              AD_Sum = AD_Sum + Hx711();
  53   2              i--;
  54   2          }
C51 COMPILER V9.01   AD                                                                    11/14/2020 01:32:12 PAGE 2   

  55   1      
  56   1          Offset = (unsigned long)(AD_Sum / 5);
  57   1      }
  58          
  59          /********************************************************************
  60          函数名称: unsigned float getWeight(void)
  61          功能简介: AD值转换为以g为单位的质量
  62          入口参数: UINT_32 ADvalue
  63          返回值  ：转化后以g为量纲的质量值
  64          *********************************************************************/
  65          float getWeight(void)
  66          {
  67   1          unsigned long Dvalue = Hx711() - Offset;    // 值会小于0
  68   1          if (Dvalue < 0)
  69   1          {
  70   2              Dvalue = 0;
  71   2          }
  72   1          return (float)Dvalue / StandardValue * 4000;
  73   1      }


MODULE INFORMATION:   STATIC OVERLAYABLE
   CODE SIZE        =    271    ----
   CONSTANT SIZE    =   ----    ----
   XDATA SIZE       =   ----    ----
   PDATA SIZE       =   ----    ----
   DATA SIZE        =     12      14
   IDATA SIZE       =   ----    ----
   BIT SIZE         =   ----    ----
END OF MODULE INFORMATION.


C51 COMPILATION COMPLETE.  0 WARNING(S),  0 ERROR(S)
