C51 COMPILER V9.01   QUEUE                                                                 11/20/2020 10:56:16 PAGE 1   


C51 COMPILER V9.01, COMPILATION OF MODULE QUEUE
OBJECT MODULE PLACED IN queue.obj
COMPILER INVOKED BY: D:\Program Files\keil\C51\BIN\C51.EXE src\queue.c BROWSE DEBUG OBJECTEXTEND PRINT(.\queue.lst) OBJE
                    -CT(queue.obj)

line level    source

   1          #include "weigh.h"
   2          #include "queue.h"
   3          unsigned long queue[3];
   4          unsigned char curr = 0;
   5          
   6          void push(unsigned long val)
   7          {
   8   1          if (curr > 2)
   9   1              return;
  10   1          queue[++curr] = val;
  11   1          return;
  12   1      }
  13          
  14          void pull()
  15          {
  16   1          if (curr == 0)
  17   1              return;
  18   1          queue[0] = queue[1];
  19   1          queue[1] = queue[2];
  20   1          queue[2] = 0;
  21   1          curr--;
  22   1          return;
  23   1      }
  24          
  25          unsigned long averQue()
  26          {
  27   1          unsigned char i = 0;
  28   1          unsigned long sum = 0;
  29   1          for (i = 0; i < 3; i++)
  30   1          {
  31   2              sum += queue[i];
  32   2          }
  33   1          return sum / 3;
  34   1      }
  35          
  36          void initQue()
  37          {
  38   1          unsigned char i;
  39   1          clearQue();
  40   1          for (i = 0; i < 3; i++)
  41   1          {
  42   2              push(Hx711());
  43   2          }
  44   1          curr = 2;
  45   1          return;
  46   1      }
  47          
  48          void clearQue()
  49          {
  50   1          queue[0] = 0;
  51   1          queue[1] = 0;
  52   1          queue[2] = 0;
  53   1          curr = 0;
  54   1          return;
C51 COMPILER V9.01   QUEUE                                                                 11/20/2020 10:56:16 PAGE 2   

  55   1      }


MODULE INFORMATION:   STATIC OVERLAYABLE
   CODE SIZE        =    178    ----
   CONSTANT SIZE    =   ----    ----
   XDATA SIZE       =   ----    ----
   PDATA SIZE       =   ----    ----
   DATA SIZE        =     13       5
   IDATA SIZE       =   ----    ----
   BIT SIZE         =   ----    ----
END OF MODULE INFORMATION.


C51 COMPILATION COMPLETE.  0 WARNING(S),  0 ERROR(S)
